error TS6059: File 'D:/Odoo X Parul/Traveloop/server/prisma/seed.ts' is not under 'rootDir' 'D:/Odoo X Parul/Traveloop/server/src'. 'rootDir' is expected to contain all source files.
  The file is in the program because:
    Matched by include pattern 'prisma/seed.ts' in 'D:/Odoo X Parul/Traveloop/server/tsconfig.json'
